// Jest Snapshot v1, https://goo.gl/fbAQLP

exports[`<NotFoundPage /> shows all elements 1`] = `
<DocumentFragment>
  <div
    class="p-content-section"
  >
    <h1>
      NOT FOUND
    </h1>
    <p>
      You just hit a route that doesn't exist... the sadness.
    </p>
  </div>
</DocumentFragment>
`;
